Copyright 1986-2017 Xilinx, Inc. All Rights Reserved.
------------------------------------------------------------------------------------
| Tool Version : Vivado v.2017.2 (lin64) Build 1909853 Thu Jun 15 18:39:10 MDT 2017
| Date         : Thu Nov 19 19:56:21 2020
| Host         : dylan-Blade running 64-bit Ubuntu 20.04.1 LTS
| Command      : report_control_sets -verbose -file ALU_top_control_sets_placed.rpt
| Design       : ALU_top
| Device       : xc7a100t
------------------------------------------------------------------------------------

Control Set Information

Table of Contents
-----------------
1. Summary
2. Flip-Flop Distribution
3. Detailed Control Set Information

1. Summary
----------

+----------------------------------------------------------+-------+
|                          Status                          | Count |
+----------------------------------------------------------+-------+
| Number of unique control sets                            |     8 |
| Unused register locations in slices containing registers |    30 |
+----------------------------------------------------------+-------+


2. Flip-Flop Distribution
-------------------------

+--------------+-----------------------+------------------------+-----------------+--------------+
| Clock Enable | Synchronous Set/Reset | Asynchronous Set/Reset | Total Registers | Total Slices |
+--------------+-----------------------+------------------------+-----------------+--------------+
| No           | No                    | No                     |             106 |           27 |
| No           | No                    | Yes                    |               0 |            0 |
| No           | Yes                   | No                     |               8 |            5 |
| Yes          | No                    | No                     |               8 |            5 |
| Yes          | No                    | Yes                    |               0 |            0 |
| Yes          | Yes                   | No                     |               8 |            2 |
+--------------+-----------------------+------------------------+-----------------+--------------+


3. Detailed Control Set Information
-----------------------------------

+-----------------+------------------------------------+----------------------------------+------------------+----------------+
|   Clock Signal  |            Enable Signal           |         Set/Reset Signal         | Slice Load Count | Bel Load Count |
+-----------------+------------------------------------+----------------------------------+------------------+----------------+
|  Counter/out[0] |                                    | Counter_3bit/Q[0]                |                1 |              1 |
|  Counter/out[0] |                                    | anode_MUX/anode_reg[0]_i_1_n_0   |                1 |              1 |
|  Counter/out[0] |                                    | Counter_3bit/Q[2]                |                1 |              2 |
|  Counter/out[0] |                                    | Counter_3bit/Q[1]                |                2 |              4 |
|  clk_IBUF_BUFG  | But_opcode/stored_resultant_reg[7] |                                  |                5 |              8 |
|  clk_IBUF_BUFG  | But_opcode/stored_resultant_reg[7] | ALU/stored_resultant[15]_i_1_n_0 |                2 |              8 |
|  Counter/out[0] |                                    |                                  |                5 |             10 |
|  clk_IBUF_BUFG  |                                    |                                  |               22 |             96 |
+-----------------+------------------------------------+----------------------------------+------------------+----------------+


+--------+-----------------------+
| Fanout | Number of ControlSets |
+--------+-----------------------+
| 1      |                     2 |
| 2      |                     1 |
| 4      |                     1 |
| 8      |                     2 |
| 10     |                     1 |
| 16+    |                     1 |
+--------+-----------------------+


